<html>
<body>
<pre>
<h1>µVision Build Log</h1>
<h2>Project:</h2>
C:\Users\kubaf\Desktop\STUDIA\SEMESTR 2\Podstawy programowania systemow wbudowanych\CwiczeniaLaboratoryjne\SERVO\3\Flis.uvproj
Project File Date:  05/19/2026

<h2>Output:</h2>
Rebuild target 'Target 1'
assembling Startup.s...
compiling main.c...
compiling led.c...
compiling keyboard.c...
compiling timer.c...
compiling timer_interrupts.c...
compiling servo.c...
linking...
Program Size: Code=1956 RO-data=32 RW-data=4 ZI-data=1268  
FromELF: creating hex file...
".\Flis.axf" - 0 Errors, 0 Warning(s).
Rebuild target 'Target 1'
assembling Startup.s...
compiling main.c...
compiling led.c...
compiling keyboard.c...
compiling timer.c...
compiling timer_interrupts.c...
compiling servo.c...
linking...
Program Size: Code=2600 RO-data=32 RW-data=8 ZI-data=1272  
FromELF: creating hex file...
".\Flis.axf" - 0 Errors, 0 Warning(s).
Rebuild target 'Target 1'
assembling Startup.s...
compiling main.c...
compiling led.c...
compiling keyboard.c...
compiling timer.c...
compiling timer_interrupts.c...
compiling servo.c...
linking...
Program Size: Code=2372 RO-data=32 RW-data=8 ZI-data=1272  
FromELF: creating hex file...
".\Flis.axf" - 0 Errors, 0 Warning(s).
Clean started: Project: 'Flis'
   deleting intermediate output files for target 'Target 1'
