<html>
<body>
<pre>
<h1>µVision Build Log</h1>
<h2>Project:</h2>
C:\Users\kubaf\Desktop\STUDIA\SEMESTR 2\Podstawy programowania systemow wbudowanych\CwiczeniaLaboratoryjne\WYSYLANIE_UART\6\Flis.uvproj
Project File Date:  06/02/2026

<h2>Output:</h2>
Rebuild target 'Target 1'
assembling Startup.s...
compiling main.c...
compiling led.c...
compiling keyboard.c...
compiling timer.c...
compiling timer_interrupts.c...
timer_interrupts.c(51): warning:  #1-D: last line of file ends without a newline
compiling servo.c...
compiling uart.c...
compiling string.c...
compiling command_decoder.c...
compiling conversion.c...
linking...
Program Size: Code=3576 RO-data=32 RW-data=56 ZI-data=1328  
FromELF: creating hex file...
".\Flis.axf" - 0 Errors, 1 Warning(s).
Rebuild target 'Target 1'
assembling Startup.s...
compiling main.c...
main.c(27): warning:  #111-D: statement is unreachable
main.c(40): error:  #20: identifier "fCalcReady" is undefined
main.c(42): error:  #20: identifier "uiCalcResult" is undefined
main.c(48): error:  #169: expected a declaration
compiling led.c...
compiling keyboard.c...
compiling timer.c...
compiling timer_interrupts.c...
timer_interrupts.c(51): warning:  #1-D: last line of file ends without a newline
compiling servo.c...
compiling uart.c...
compiling string.c...
compiling command_decoder.c...
compiling conversion.c...
".\Flis.axf" - 3 Errors, 2 Warning(s).
Target not created
Rebuild target 'Target 1'
assembling Startup.s...
compiling main.c...
main.c(27): warning:  #111-D: statement is unreachable
main.c(40): error:  #20: identifier "fCalcReady" is undefined
main.c(42): error:  #20: identifier "uiCalcResult" is undefined
main.c(48): error:  #169: expected a declaration
compiling led.c...
compiling keyboard.c...
compiling timer.c...
compiling timer_interrupts.c...
timer_interrupts.c(51): warning:  #1-D: last line of file ends without a newline
compiling servo.c...
compiling uart.c...
compiling string.c...
compiling command_decoder.c...
compiling conversion.c...
".\Flis.axf" - 3 Errors, 2 Warning(s).
Target not created
Rebuild target 'Target 1'
assembling Startup.s...
compiling main.c...
main.c(27): warning:  #111-D: statement is unreachable
main.c(42): warning:  #223-D: function "Calculator_GetResult" declared implicitly
main.c(47): error:  #169: expected a declaration
compiling led.c...
compiling keyboard.c...
compiling timer.c...
compiling timer_interrupts.c...
timer_interrupts.c(51): warning:  #1-D: last line of file ends without a newline
compiling servo.c...
compiling uart.c...
compiling string.c...
compiling command_decoder.c...
compiling conversion.c...
".\Flis.axf" - 1 Errors, 3 Warning(s).
Target not created
Rebuild target 'Target 1'
assembling Startup.s...
compiling main.c...
main.c(41): warning:  #223-D: function "Calculator_Result" declared implicitly
compiling led.c...
compiling keyboard.c...
compiling timer.c...
compiling timer_interrupts.c...
timer_interrupts.c(51): warning:  #1-D: last line of file ends without a newline
compiling servo.c...
compiling uart.c...
compiling string.c...
compiling command_decoder.c...
compiling conversion.c...
linking...
.\Flis.axf: Error: L6218E: Undefined symbol Calculator_Result (referred from main.o).
.\Flis.axf: Error: L6218E: Undefined symbol sWatch (referred from main.o).
".\Flis.axf" - 2 Errors, 2 Warning(s).
Target not created
Rebuild target 'Target 1'
assembling Startup.s...
compiling main.c...
compiling led.c...
compiling keyboard.c...
compiling timer.c...
compiling timer_interrupts.c...
timer_interrupts.c(51): warning:  #1-D: last line of file ends without a newline
compiling servo.c...
compiling uart.c...
compiling string.c...
compiling command_decoder.c...
compiling conversion.c...
linking...
.\Flis.axf: Error: L6218E: Undefined symbol sWatch (referred from main.o).
".\Flis.axf" - 1 Errors, 1 Warning(s).
Target not created
Rebuild target 'Target 1'
assembling Startup.s...
compiling main.c...
compiling led.c...
compiling keyboard.c...
compiling timer.c...
compiling timer_interrupts.c...
timer_interrupts.c(51): warning:  #1-D: last line of file ends without a newline
compiling servo.c...
compiling uart.c...
compiling string.c...
compiling command_decoder.c...
compiling conversion.c...
linking...
.\Flis.axf: Error: L6218E: Undefined symbol sWatch (referred from timer_interrupts.o).
".\Flis.axf" - 1 Errors, 1 Warning(s).
Target not created
Rebuild target 'Target 1'
assembling Startup.s...
compiling main.c...
compiling led.c...
compiling keyboard.c...
compiling timer.c...
compiling timer_interrupts.c...
timer_interrupts.c(51): warning:  #1-D: last line of file ends without a newline
compiling servo.c...
compiling uart.c...
compiling string.c...
compiling command_decoder.c...
compiling conversion.c...
linking...
Program Size: Code=3604 RO-data=32 RW-data=56 ZI-data=1328  
FromELF: creating hex file...
".\Flis.axf" - 0 Errors, 1 Warning(s).
Rebuild target 'Target 1'
assembling Startup.s...
compiling main.c...
compiling led.c...
compiling keyboard.c...
compiling timer.c...
compiling timer_interrupts.c...
compiling servo.c...
compiling uart.c...
compiling string.c...
compiling command_decoder.c...
compiling conversion.c...
linking...
Program Size: Code=3604 RO-data=32 RW-data=56 ZI-data=1328  
FromELF: creating hex file...
".\Flis.axf" - 0 Errors, 0 Warning(s).
Clean started: Project: 'Flis'
   deleting intermediate output files for target 'Target 1'
