<html>
<body>
<pre>
<h1>µVision Build Log</h1>
<h2>Project:</h2>
C:\Users\kubaf\Desktop\STUDIA\SEMESTR 2\Podstawy programowania systemow wbudowanych\CwiczeniaLaboratoryjne\WYSYLANIE_UART\6\Flis.uvproj
Project File Date:  06/02/2026

<h2>Output:</h2>
Rebuild target 'Target 1'
assembling Startup.s...
compiling main.c...
compiling led.c...
compiling keyboard.c...
compiling timer.c...
compiling timer_interrupts.c...
timer_interrupts.c(51): warning:  #1-D: last line of file ends without a newline
compiling servo.c...
compiling uart.c...
compiling string.c...
compiling command_decoder.c...
compiling conversion.c...
linking...
Program Size: Code=2920 RO-data=32 RW-data=12 ZI-data=1308  
FromELF: creating hex file...
".\Flis.axf" - 0 Errors, 1 Warning(s).
Rebuild target 'Target 1'
assembling Startup.s...
compiling main.c...
compiling led.c...
compiling keyboard.c...
compiling timer.c...
compiling timer_interrupts.c...
timer_interrupts.c(51): warning:  #1-D: last line of file ends without a newline
compiling servo.c...
compiling uart.c...
compiling string.c...
compiling command_decoder.c...
compiling conversion.c...
linking...
Program Size: Code=3576 RO-data=32 RW-data=56 ZI-data=1328  
FromELF: creating hex file...
".\Flis.axf" - 0 Errors, 1 Warning(s).
Rebuild target 'Target 1'
assembling Startup.s...
compiling main.c...
compiling led.c...
compiling keyboard.c...
compiling timer.c...
compiling timer_interrupts.c...
timer_interrupts.c(51): warning:  #1-D: last line of file ends without a newline
compiling servo.c...
compiling uart.c...
compiling string.c...
compiling command_decoder.c...
compiling conversion.c...
linking...
Program Size: Code=3576 RO-data=32 RW-data=56 ZI-data=1328  
FromELF: creating hex file...
".\Flis.axf" - 0 Errors, 1 Warning(s).
Rebuild target 'Target 1'
assembling Startup.s...
compiling main.c...
compiling led.c...
compiling keyboard.c...
compiling timer.c...
compiling timer_interrupts.c...
timer_interrupts.c(51): warning:  #1-D: last line of file ends without a newline
compiling servo.c...
compiling uart.c...
compiling string.c...
compiling command_decoder.c...
compiling conversion.c...
linking...
Program Size: Code=3576 RO-data=32 RW-data=56 ZI-data=1328  
FromELF: creating hex file...
".\Flis.axf" - 0 Errors, 1 Warning(s).
Clean started: Project: 'Flis'
   deleting intermediate output files for target 'Target 1'
