<html>
<body>
<pre>
<h1>µVision Build Log</h1>
<h2>Project:</h2>
C:\Users\kubaf\Desktop\STUDIA\SEMESTR 2\Podstawy programowania systemow wbudowanych\CwiczeniaLaboratoryjne\POTENCJOMETR\1\Flis.uvproj
Project File Date:  06/02/2026

<h2>Output:</h2>
Rebuild target 'Target 1'
assembling Startup.s...
compiling main.c...
compiling led.c...
compiling keyboard.c...
compiling timer.c...
compiling timer_interrupts.c...
timer_interrupts.c(51): warning:  #1-D: last line of file ends without a newline
compiling servo.c...
compiling uart.c...
compiling string.c...
compiling command_decoder.c...
compiling conversion.c...
linking...
Program Size: Code=3576 RO-data=32 RW-data=56 ZI-data=1328  
FromELF: creating hex file...
".\Flis.axf" - 0 Errors, 1 Warning(s).
Rebuild target 'Target 1'
assembling Startup.s...
compiling main.c...
compiling led.c...
compiling keyboard.c...
compiling timer.c...
compiling timer_interrupts.c...
timer_interrupts.c(51): warning:  #1-D: last line of file ends without a newline
compiling servo.c...
compiling uart.c...
compiling string.c...
compiling command_decoder.c...
compiling conversion.c...
compiling adc.c...
linking...
Program Size: Code=3576 RO-data=32 RW-data=56 ZI-data=1328  
FromELF: creating hex file...
".\Flis.axf" - 0 Errors, 1 Warning(s).
Rebuild target 'Target 1'
assembling Startup.s...
compiling main.c...
compiling led.c...
compiling keyboard.c...
compiling timer.c...
compiling timer_interrupts.c...
timer_interrupts.c(51): warning:  #1-D: last line of file ends without a newline
compiling servo.c...
compiling uart.c...
compiling string.c...
compiling command_decoder.c...
compiling conversion.c...
compiling adc.c...
linking...
Program Size: Code=3576 RO-data=32 RW-data=56 ZI-data=1328  
FromELF: creating hex file...
".\Flis.axf" - 0 Errors, 1 Warning(s).
Rebuild target 'Target 1'
assembling Startup.s...
compiling main.c...
main.c(5): warning:  #177-D: variable "uiAdcValue" was declared but never referenced
compiling led.c...
compiling keyboard.c...
compiling timer.c...
compiling timer_interrupts.c...
timer_interrupts.c(51): warning:  #1-D: last line of file ends without a newline
compiling servo.c...
compiling uart.c...
compiling string.c...
compiling command_decoder.c...
compiling conversion.c...
compiling adc.c...
adc.c(33): warning:  #1-D: last line of file ends without a newline
linking...
.\Flis.axf: Error: L6218E: Undefined symbol sWatch (referred from timer_interrupts.o).
".\Flis.axf" - 1 Errors, 3 Warning(s).
Target not created
Rebuild target 'Target 1'
assembling Startup.s...
compiling main.c...
main.c(5): warning:  #177-D: variable "uiAdcValue" was declared but never referenced
compiling led.c...
compiling keyboard.c...
compiling timer.c...
compiling timer_interrupts.c...
timer_interrupts.c(51): warning:  #1-D: last line of file ends without a newline
compiling servo.c...
compiling uart.c...
compiling string.c...
compiling command_decoder.c...
compiling conversion.c...
compiling adc.c...
linking...
.\Flis.axf: Error: L6218E: Undefined symbol sWatch (referred from timer_interrupts.o).
".\Flis.axf" - 1 Errors, 2 Warning(s).
Target not created
Rebuild target 'Target 1'
assembling Startup.s...
compiling main.c...
compiling led.c...
compiling keyboard.c...
compiling timer.c...
compiling timer_interrupts.c...
compiling servo.c...
compiling uart.c...
compiling string.c...
compiling command_decoder.c...
compiling conversion.c...
compiling adc.c...
linking...
.\Flis.axf: Error: L6218E: Undefined symbol sWatch (referred from timer_interrupts.o).
".\Flis.axf" - 1 Errors, 0 Warning(s).
Target not created
Rebuild target 'Target 1'
assembling Startup.s...
compiling main.c...
compiling led.c...
compiling keyboard.c...
compiling timer.c...
compiling timer_interrupts.c...
timer_interrupts.c(40): error:  #20: identifier "sWatch" is undefined
compiling servo.c...
compiling uart.c...
compiling string.c...
compiling command_decoder.c...
compiling conversion.c...
compiling adc.c...
".\Flis.axf" - 1 Errors, 0 Warning(s).
Target not created
Rebuild target 'Target 1'
assembling Startup.s...
compiling main.c...
compiling led.c...
compiling keyboard.c...
compiling timer.c...
compiling timer_interrupts.c...
compiling servo.c...
compiling uart.c...
compiling string.c...
compiling command_decoder.c...
compiling conversion.c...
compiling adc.c...
linking...
Program Size: Code=2416 RO-data=32 RW-data=12 ZI-data=1268  
FromELF: creating hex file...
".\Flis.axf" - 0 Errors, 0 Warning(s).
Rebuild target 'Target 1'
assembling Startup.s...
compiling main.c...
compiling led.c...
compiling keyboard.c...
compiling timer.c...
compiling timer_interrupts.c...
compiling servo.c...
compiling uart.c...
compiling string.c...
compiling command_decoder.c...
compiling conversion.c...
compiling adc.c...
linking...
Program Size: Code=2416 RO-data=32 RW-data=12 ZI-data=1268  
FromELF: creating hex file...
".\Flis.axf" - 0 Errors, 0 Warning(s).
Rebuild target 'Target 1'
assembling Startup.s...
compiling main.c...
compiling led.c...
compiling keyboard.c...
compiling timer.c...
compiling timer_interrupts.c...
compiling servo.c...
compiling uart.c...
compiling string.c...
compiling command_decoder.c...
compiling conversion.c...
compiling adc.c...
linking...
Program Size: Code=2456 RO-data=32 RW-data=12 ZI-data=1268  
FromELF: creating hex file...
".\Flis.axf" - 0 Errors, 0 Warning(s).
Rebuild target 'Target 1'
assembling Startup.s...
compiling main.c...
compiling led.c...
compiling keyboard.c...
compiling timer.c...
compiling timer_interrupts.c...
compiling servo.c...
compiling uart.c...
compiling string.c...
compiling command_decoder.c...
compiling conversion.c...
compiling adc.c...
linking...
Program Size: Code=2456 RO-data=32 RW-data=12 ZI-data=1268  
FromELF: creating hex file...
".\Flis.axf" - 0 Errors, 0 Warning(s).
Rebuild target 'Target 1'
assembling Startup.s...
compiling main.c...
compiling led.c...
compiling keyboard.c...
compiling timer.c...
compiling timer_interrupts.c...
compiling servo.c...
compiling uart.c...
compiling string.c...
compiling command_decoder.c...
compiling conversion.c...
compiling adc.c...
linking...
Program Size: Code=2424 RO-data=32 RW-data=12 ZI-data=1268  
FromELF: creating hex file...
".\Flis.axf" - 0 Errors, 0 Warning(s).
Rebuild target 'Target 1'
assembling Startup.s...
compiling main.c...
compiling led.c...
compiling keyboard.c...
compiling timer.c...
compiling timer_interrupts.c...
compiling servo.c...
compiling uart.c...
compiling string.c...
compiling command_decoder.c...
compiling conversion.c...
compiling adc.c...
linking...
Program Size: Code=2436 RO-data=32 RW-data=12 ZI-data=1268  
FromELF: creating hex file...
".\Flis.axf" - 0 Errors, 0 Warning(s).
Rebuild target 'Target 1'
assembling Startup.s...
compiling main.c...
compiling led.c...
compiling keyboard.c...
compiling timer.c...
compiling timer_interrupts.c...
compiling servo.c...
compiling uart.c...
compiling string.c...
compiling command_decoder.c...
compiling conversion.c...
compiling adc.c...
linking...
Program Size: Code=2416 RO-data=32 RW-data=12 ZI-data=1268  
FromELF: creating hex file...
".\Flis.axf" - 0 Errors, 0 Warning(s).
Rebuild target 'Target 1'
assembling Startup.s...
compiling main.c...
compiling led.c...
compiling keyboard.c...
compiling timer.c...
compiling timer_interrupts.c...
compiling servo.c...
compiling uart.c...
compiling string.c...
compiling command_decoder.c...
compiling conversion.c...
compiling adc.c...
linking...
Program Size: Code=2424 RO-data=32 RW-data=12 ZI-data=1268  
FromELF: creating hex file...
".\Flis.axf" - 0 Errors, 0 Warning(s).
Rebuild target 'Target 1'
assembling Startup.s...
compiling main.c...
compiling led.c...
compiling keyboard.c...
compiling timer.c...
compiling timer_interrupts.c...
compiling servo.c...
compiling uart.c...
compiling string.c...
compiling command_decoder.c...
compiling conversion.c...
compiling adc.c...
linking...
Program Size: Code=2428 RO-data=32 RW-data=16 ZI-data=1272  
FromELF: creating hex file...
".\Flis.axf" - 0 Errors, 0 Warning(s).
Rebuild target 'Target 1'
assembling Startup.s...
compiling main.c...
compiling led.c...
compiling keyboard.c...
compiling timer.c...
compiling timer_interrupts.c...
compiling servo.c...
compiling uart.c...
compiling string.c...
compiling command_decoder.c...
compiling conversion.c...
compiling adc.c...
linking...
Program Size: Code=2424 RO-data=32 RW-data=12 ZI-data=1268  
FromELF: creating hex file...
".\Flis.axf" - 0 Errors, 0 Warning(s).
Clean started: Project: 'Flis'
   deleting intermediate output files for target 'Target 1'
