<html>
<body>
<pre>
<h1>µVision Build Log</h1>
<h2>Project:</h2>
C:\Users\kubaf\Desktop\STUDIA\SEMESTR 2\Podstawy programowania systemow wbudowanych\CwiczeniaLaboratoryjne\POTENCJOMETR\1\Flis.uvproj
Project File Date:  06/09/2026

<h2>Output:</h2>
Rebuild target 'Target 1'
assembling Startup.s...
compiling main.c...
compiling led.c...
compiling keyboard.c...
compiling timer.c...
compiling timer_interrupts.c...
compiling servo.c...
compiling uart.c...
compiling string.c...
compiling command_decoder.c...
compiling conversion.c...
compiling adc.c...
linking...
Program Size: Code=2388 RO-data=32 RW-data=12 ZI-data=1268  
FromELF: creating hex file...
".\Flis.axf" - 0 Errors, 0 Warning(s).
Rebuild target 'Target 1'
assembling Startup.s...
compiling main.c...
compiling led.c...
compiling keyboard.c...
compiling timer.c...
compiling timer_interrupts.c...
compiling servo.c...
compiling uart.c...
compiling string.c...
compiling command_decoder.c...
compiling conversion.c...
compiling adc.c...
linking...
Program Size: Code=2388 RO-data=32 RW-data=12 ZI-data=1268  
FromELF: creating hex file...
".\Flis.axf" - 0 Errors, 0 Warning(s).
Clean started: Project: 'Flis'
   deleting intermediate output files for target 'Target 1'
